// Jest Snapshot v1, https://goo.gl/fbAQLP

exports[`Introduction component Matches the snapshot 1`] = `
<section
  class="intro"
>
  <h2>
    Encuentra el perfil que buscas entre los talentosos profesionales con experiencia en 
    <strong>
      LATAM Airlines Digital
    </strong>
    .
  </h2>
  <p>
    Todos se las ingeniaron con sus superpoderes para enfrentar más de 300 casos de uso y así entregarle a los más de 1 millón de usuarios diarios, la mejor experiencia.
  </p>
</section>
`;
